// Jest Snapshot v1, https://goo.gl/fbAQLP

exports[`Testing Todo Component handles onClick 1`] = `
[MockFunction] {
  "calls": Array [
    Array [],
  ],
  "results": Array [
    Object {
      "type": "return",
      "value": undefined,
    },
  ],
}
`;

exports[`Testing Todo Component renders correctly 1`] = `ShallowWrapper {}`;
